2026-09-10 05:48:09,018 INFO o.s.b.StartupInfoLogger [main] Starting EcomProductListApplication using Java 17.0.11 with PID 36604 (C:\Work\ecom\ecom_service_branches\feature-observability-grafana-prometheus-docker\ecom_microservices\ecomProductList\target\classes started by Deepankar in C:\Work\ecom\ecom_service_branches\feature-observability-grafana-prometheus-docker\ecom_microservices\ecomProductList)
2026-09-10 05:48:09,022 DEBUG o.s.b.StartupInfoLogger [main] Running with Spring Boot v3.3.1, Spring v6.1.10
2026-09-10 05:48:09,023 INFO o.s.b.SpringApplication [main] The following 1 profile is active: "dev"
2026-09-10 05:48:09,054 INFO o.s.b.l.DeferredLog [main] Fetching config from server at : http://localhost:8888
2026-09-10 05:48:09,055 INFO o.s.b.l.DeferredLog [main] Located environment: name=ecomProductList, profiles=[default], label=null, version=b6dc840e19e47718d7a3fb7ad27fc74d27a38f9a, state=null
2026-09-10 05:48:09,056 INFO o.s.b.l.DeferredLog [main] Fetching config from server at : http://localhost:8888
2026-09-10 05:48:09,056 INFO o.s.b.l.DeferredLog [main] Located environment: name=ecomProductList, profiles=[dev], label=null, version=b6dc840e19e47718d7a3fb7ad27fc74d27a38f9a, state=null
2026-09-10 05:48:09,931 INFO o.s.d.r.c.RepositoryConfigurationDelegate [main] Bootstrapping Spring Data JPA repositories in DEFAULT mode.
2026-09-10 05:48:10,235 INFO o.s.d.r.c.RepositoryConfigurationDelegate [main] Finished Spring Data repository scanning in 289 ms. Found 2 JPA repository interfaces.
2026-09-10 05:48:10,845 INFO o.s.c.c.s.GenericScope [main] BeanFactory id=2d7e77b4-6284-3e1b-af31-f3c9b34e9951
2026-09-10 05:48:11,131 WARN o.s.c.s.PostProcessorRegistrationDelegate$BeanPostProcessorChecker [main] Bean 'org.springframework.cloud.client.loadbalancer.LoadBalancerAutoConfiguration$DeferringLoadBalancerInterceptorConfig' of type [org.springframework.cloud.client.loadbalancer.LoadBalancerAutoConfiguration$DeferringLoadBalancerInterceptorConfig] is not eligible for getting processed by all BeanPostProcessors (for example: not eligible for auto-proxying). The currently created BeanPostProcessor [lbRestClientPostProcessor] is declared through a non-static factory method on that class; consider declaring it as static instead.
2026-09-10 05:48:11,137 WARN o.s.c.s.PostProcessorRegistrationDelegate$BeanPostProcessorChecker [main] Bean 'deferringLoadBalancerInterceptor' of type [org.springframework.cloud.client.loadbalancer.DeferringLoadBalancerInterceptor] is not eligible for getting processed by all BeanPostProcessors (for example: not eligible for auto-proxying). Is this bean getting eagerly injected into a currently created BeanPostProcessor [lbRestClientPostProcessor]? Check the corresponding BeanPostProcessor declaration and its dependencies.
2026-09-10 05:48:11,840 INFO o.s.b.w.e.t.TomcatWebServer [main] Tomcat initialized with port 9203 (http)
2026-09-10 05:48:11,862 INFO o.a.j.l.DirectJDKLog [main] Initializing ProtocolHandler ["http-nio-9203"]
2026-09-10 05:48:11,866 INFO o.a.j.l.DirectJDKLog [main] Starting service [Tomcat]
2026-09-10 05:48:11,868 INFO o.a.j.l.DirectJDKLog [main] Starting Servlet engine: [Apache Tomcat/10.1.25]
2026-09-10 05:48:12,008 INFO o.a.j.l.DirectJDKLog [main] Initializing Spring embedded WebApplicationContext
2026-09-10 05:48:12,011 INFO o.s.b.w.s.c.ServletWebServerApplicationContext [main] Root WebApplicationContext: initialization completed in 2951 ms
2026-09-10 05:48:12,260 INFO o.h.j.i.u.LogHelper [main] HHH000204: Processing PersistenceUnitInfo [name: default]
2026-09-10 05:48:12,354 INFO o.h.Version [main] HHH000412: Hibernate ORM core version 6.5.2.Final
2026-09-10 05:48:12,414 INFO o.h.c.i.RegionFactoryInitiator [main] HHH000026: Second-level cache disabled
2026-09-10 05:48:12,983 INFO o.s.o.j.p.SpringPersistenceUnitInfo [main] No LoadTimeWeaver setup: ignoring JPA class transformer
2026-09-10 05:48:13,036 WARN o.h.e.j.d.i.DialectFactoryImpl [main] HHH90000025: MySQLDialect does not need to be specified explicitly using 'hibernate.dialect' (remove the property setting and it will be selected by default)
2026-09-10 05:48:14,835 INFO o.h.e.t.j.p.i.JtaPlatformInitiator [main] HHH000489: No JTA platform available (set 'hibernate.transaction.jta.platform' to enable JTA platform integration)
2026-09-10 05:48:14,863 INFO c.z.h.HikariDataSource [main] HikariPool-1 - Starting...
2026-09-10 05:48:14,867 WARN c.z.h.u.DriverDataSource [main] Registered driver with driverClassName=com.mysql.jdbc.Driver was not found, trying direct instantiation.
2026-09-10 05:48:14,999 INFO c.z.h.p.HikariPool [main] HikariPool-1 - Added connection com.mysql.cj.jdbc.ConnectionImpl@74130456
2026-09-10 05:48:15,000 INFO c.z.h.HikariDataSource [main] HikariPool-1 - Start completed.
2026-09-10 05:48:15,252 INFO o.s.o.j.AbstractEntityManagerFactoryBean [main] Initialized JPA EntityManagerFactory for persistence unit 'default'
2026-09-10 05:48:15,508 WARN o.s.b.a.o.j.JpaBaseConfiguration$JpaWebConfiguration [main] spring.jpa.open-in-view is enabled by default. Therefore, database queries may be performed during view rendering. Explicitly configure spring.jpa.open-in-view to disable this warning
2026-09-10 05:48:16,929 INFO o.s.c.n.e.c.DiscoveryClientOptionalArgsConfiguration [main] Eureka HTTP Client uses RestTemplate.
2026-09-10 05:48:16,975 WARN o.s.c.l.c.LoadBalancerCacheAutoConfiguration$LoadBalancerCaffeineWarnLogger [main] Spring Cloud LoadBalancer is currently working with the default cache. While this cache implementation is useful for development and tests, it's recommended to use Caffeine cache in production.You can switch to using Caffeine cache, by adding it and org.springframework.cache.caffeine.CaffeineCacheManager to the classpath.
2026-09-10 05:48:16,997 INFO o.s.c.n.e.InstanceInfoFactory [main] Setting initial instance status as: STARTING
2026-09-10 05:48:17,023 INFO c.n.d.DiscoveryClient [main] Initializing Eureka in region us-east-1
2026-09-10 05:48:17,027 INFO c.n.d.s.r.a.ConfigClusterResolver [main] Resolving eureka endpoints via configuration
2026-09-10 05:48:17,038 INFO c.n.d.DiscoveryClient [main] Disable delta property : false
2026-09-10 05:48:17,038 INFO c.n.d.DiscoveryClient [main] Single vip registry refresh property : null
2026-09-10 05:48:17,039 INFO c.n.d.DiscoveryClient [main] Force full registry fetch : false
2026-09-10 05:48:17,039 INFO c.n.d.DiscoveryClient [main] Application is null : false
2026-09-10 05:48:17,039 INFO c.n.d.DiscoveryClient [main] Registered Applications size is zero : true
2026-09-10 05:48:17,040 INFO c.n.d.DiscoveryClient [main] Application version is -1: true
2026-09-10 05:48:17,040 INFO c.n.d.DiscoveryClient [main] Getting all instance registry info from the eureka server
2026-09-10 05:48:17,302 INFO c.n.d.DiscoveryClient [main] The response status is 200
2026-09-10 05:48:17,305 INFO c.n.d.DiscoveryClient [main] Starting heartbeat executor: renew interval is: 30
2026-09-10 05:48:17,307 INFO c.n.d.InstanceInfoReplicator [main] InstanceInfoReplicator onDemand update allowed rate per min is 4
2026-09-10 05:48:17,308 INFO c.n.d.DiscoveryClient [main] Discovery Client initialized at timestamp 1788999497308 with initial instances count: 2
2026-09-10 05:48:17,311 INFO o.s.c.n.e.s.EurekaServiceRegistry [main] Registering application ECOMPRODUCTLIST with eureka with status UP
2026-09-10 05:48:17,312 INFO c.n.d.DiscoveryClient$6 [main] Saw local status change event StatusChangeEvent [timestamp=1788999497312, current=UP, previous=STARTING]
2026-09-10 05:48:17,313 INFO o.a.j.l.DirectJDKLog [main] Starting ProtocolHandler ["http-nio-9203"]
2026-09-10 05:48:17,313 INFO c.n.d.DiscoveryClient [DiscoveryClient-InstanceInfoReplicator-%d] DiscoveryClient_ECOMPRODUCTLIST/host.docker.internal:ecomProductList:9203: registering service...
2026-09-10 05:48:17,347 INFO o.s.b.w.e.t.TomcatWebServer [main] Tomcat started on port 9203 (http) with context path '/'
2026-09-10 05:48:17,348 INFO o.s.c.n.e.s.EurekaAutoServiceRegistration [main] Updating port to 9203
2026-09-10 05:48:17,362 INFO c.n.d.DiscoveryClient [DiscoveryClient-InstanceInfoReplicator-%d] DiscoveryClient_ECOMPRODUCTLIST/host.docker.internal:ecomProductList:9203 - registration status: 204
2026-09-10 05:48:17,728 INFO o.s.b.StartupInfoLogger [main] Started EcomProductListApplication in 11.739 seconds (process running for 12.282)
2026-09-10 05:48:23,118 INFO o.a.j.l.DirectJDKLog [http-nio-9203-exec-1] Initializing Spring DispatcherServlet 'dispatcherServlet'
2026-09-10 05:48:23,119 INFO o.s.w.s.FrameworkServlet [http-nio-9203-exec-1] Initializing Servlet 'dispatcherServlet'
2026-09-10 05:48:23,119 INFO o.s.w.s.FrameworkServlet [http-nio-9203-exec-1] Completed initialization in 0 ms
2026-09-10 05:53:17,055 INFO c.n.d.s.r.a.ConfigClusterResolver [AsyncResolver-bootstrap-executor-%d] Resolving eureka endpoints via configuration
2026-09-10 05:54:27,249 INFO o.s.t.c.s.AnnotationConfigContextLoaderUtils [main] Could not detect default configuration classes for test class [com.ecom.productList.EcomProductListApplicationTests]: EcomProductListApplicationTests does not declare any static, non-private, non-final, nested classes annotated with @Configuration.
2026-09-10 05:54:27,388 INFO o.s.b.t.c.SpringBootTestContextBootstrapper [main] Found @SpringBootConfiguration com.ecom.productList.EcomProductListApplication for test class com.ecom.productList.EcomProductListApplicationTests
2026-09-10 05:54:31,388 INFO o.s.b.StartupInfoLogger [main] Starting EcomProductListApplicationTests using Java 17.0.11 with PID 1884 (started by Deepankar in C:\Work\ecom\ecom_service_branches\feature-observability-grafana-prometheus-docker\ecom_microservices\ecomProductList)
2026-09-10 05:54:31,389 DEBUG o.s.b.StartupInfoLogger [main] Running with Spring Boot v3.3.1, Spring v6.1.10
2026-09-10 05:54:31,389 INFO o.s.b.SpringApplication [main] The following 1 profile is active: "dev"
2026-09-10 05:54:31,419 INFO o.s.b.l.DeferredLog [main] Fetching config from server at : http://localhost:8888
2026-09-10 05:54:31,419 INFO o.s.b.l.DeferredLog [main] Located environment: name=ecomProductList, profiles=[default], label=null, version=b6dc840e19e47718d7a3fb7ad27fc74d27a38f9a, state=null
2026-09-10 05:54:31,419 INFO o.s.b.l.DeferredLog [main] Fetching config from server at : http://localhost:8888
2026-09-10 05:54:31,419 INFO o.s.b.l.DeferredLog [main] Located environment: name=ecomProductList, profiles=[dev], label=null, version=b6dc840e19e47718d7a3fb7ad27fc74d27a38f9a, state=null
2026-09-10 05:54:32,571 INFO o.s.d.r.c.RepositoryConfigurationDelegate [main] Bootstrapping Spring Data JPA repositories in DEFAULT mode.
2026-09-10 05:54:32,718 INFO o.s.d.r.c.RepositoryConfigurationDelegate [main] Finished Spring Data repository scanning in 137 ms. Found 2 JPA repository interfaces.
2026-09-10 05:54:33,295 INFO o.s.c.c.s.GenericScope [main] BeanFactory id=1b4c0acc-f561-3f49-a2b8-3632fe000585
2026-09-10 05:54:33,437 WARN o.s.c.s.PostProcessorRegistrationDelegate$BeanPostProcessorChecker [main] Bean 'org.springframework.cloud.client.loadbalancer.LoadBalancerAutoConfiguration$DeferringLoadBalancerInterceptorConfig' of type [org.springframework.cloud.client.loadbalancer.LoadBalancerAutoConfiguration$DeferringLoadBalancerInterceptorConfig] is not eligible for getting processed by all BeanPostProcessors (for example: not eligible for auto-proxying). The currently created BeanPostProcessor [lbRestClientPostProcessor] is declared through a non-static factory method on that class; consider declaring it as static instead.
2026-09-10 05:54:33,442 WARN o.s.c.s.PostProcessorRegistrationDelegate$BeanPostProcessorChecker [main] Bean 'deferringLoadBalancerInterceptor' of type [org.springframework.cloud.client.loadbalancer.DeferringLoadBalancerInterceptor] is not eligible for getting processed by all BeanPostProcessors (for example: not eligible for auto-proxying). Is this bean getting eagerly injected into a currently created BeanPostProcessor [lbRestClientPostProcessor]? Check the corresponding BeanPostProcessor declaration and its dependencies.
2026-09-10 05:54:33,868 INFO o.h.j.i.u.LogHelper [main] HHH000204: Processing PersistenceUnitInfo [name: default]
2026-09-10 05:54:34,070 INFO o.h.Version [main] HHH000412: Hibernate ORM core version 6.5.2.Final
2026-09-10 05:54:34,159 INFO o.h.c.i.RegionFactoryInitiator [main] HHH000026: Second-level cache disabled
2026-09-10 05:54:35,097 INFO o.s.o.j.p.SpringPersistenceUnitInfo [main] No LoadTimeWeaver setup: ignoring JPA class transformer
2026-09-10 05:54:35,142 WARN o.h.e.j.d.i.DialectFactoryImpl [main] HHH90000025: MySQLDialect does not need to be specified explicitly using 'hibernate.dialect' (remove the property setting and it will be selected by default)
2026-09-10 05:54:36,146 INFO o.h.e.t.j.p.i.JtaPlatformInitiator [main] HHH000489: No JTA platform available (set 'hibernate.transaction.jta.platform' to enable JTA platform integration)
2026-09-10 05:54:36,165 INFO c.z.h.HikariDataSource [main] HikariPool-1 - Starting...
2026-09-10 05:54:36,169 WARN c.z.h.u.DriverDataSource [main] Registered driver with driverClassName=com.mysql.jdbc.Driver was not found, trying direct instantiation.
2026-09-10 05:54:36,316 INFO c.z.h.p.HikariPool [main] HikariPool-1 - Added connection com.mysql.cj.jdbc.ConnectionImpl@565983f3
2026-09-10 05:54:36,324 INFO c.z.h.HikariDataSource [main] HikariPool-1 - Start completed.
2026-09-10 05:54:36,598 INFO o.s.o.j.AbstractEntityManagerFactoryBean [main] Initialized JPA EntityManagerFactory for persistence unit 'default'
2026-09-10 05:54:37,474 WARN o.s.b.a.o.j.JpaBaseConfiguration$JpaWebConfiguration [main] spring.jpa.open-in-view is enabled by default. Therefore, database queries may be performed during view rendering. Explicitly configure spring.jpa.open-in-view to disable this warning
2026-09-10 05:54:40,146 INFO o.s.c.n.e.c.DiscoveryClientOptionalArgsConfiguration [main] Eureka HTTP Client uses RestTemplate.
2026-09-10 05:54:40,193 WARN o.s.c.l.c.LoadBalancerCacheAutoConfiguration$LoadBalancerCaffeineWarnLogger [main] Spring Cloud LoadBalancer is currently working with the default cache. While this cache implementation is useful for development and tests, it's recommended to use Caffeine cache in production.You can switch to using Caffeine cache, by adding it and org.springframework.cache.caffeine.CaffeineCacheManager to the classpath.
2026-09-10 05:54:40,217 INFO o.s.c.n.e.InstanceInfoFactory [main] Setting initial instance status as: STARTING
2026-09-10 05:54:40,246 INFO c.n.d.DiscoveryClient [main] Initializing Eureka in region us-east-1
2026-09-10 05:54:40,251 INFO c.n.d.s.r.a.ConfigClusterResolver [main] Resolving eureka endpoints via configuration
2026-09-10 05:54:40,260 INFO c.n.d.DiscoveryClient [main] Disable delta property : false
2026-09-10 05:54:40,261 INFO c.n.d.DiscoveryClient [main] Single vip registry refresh property : null
2026-09-10 05:54:40,261 INFO c.n.d.DiscoveryClient [main] Force full registry fetch : false
2026-09-10 05:54:40,262 INFO c.n.d.DiscoveryClient [main] Application is null : false
2026-09-10 05:54:40,262 INFO c.n.d.DiscoveryClient [main] Registered Applications size is zero : true
2026-09-10 05:54:40,262 INFO c.n.d.DiscoveryClient [main] Application version is -1: true
2026-09-10 05:54:40,263 INFO c.n.d.DiscoveryClient [main] Getting all instance registry info from the eureka server
2026-09-10 05:54:40,645 INFO c.n.d.DiscoveryClient [main] The response status is 200
2026-09-10 05:54:40,648 INFO c.n.d.DiscoveryClient [main] Starting heartbeat executor: renew interval is: 30
2026-09-10 05:54:40,650 INFO c.n.d.InstanceInfoReplicator [main] InstanceInfoReplicator onDemand update allowed rate per min is 4
2026-09-10 05:54:40,652 INFO c.n.d.DiscoveryClient [main] Discovery Client initialized at timestamp 1788999880651 with initial instances count: 3
2026-09-10 05:54:40,660 INFO o.s.c.n.e.s.EurekaServiceRegistry [main] Registering application ECOMPRODUCTLIST with eureka with status UP
2026-09-10 05:54:40,661 INFO c.n.d.DiscoveryClient$6 [main] Saw local status change event StatusChangeEvent [timestamp=1788999880661, current=UP, previous=STARTING]
2026-09-10 05:54:40,665 INFO c.n.d.DiscoveryClient [DiscoveryClient-InstanceInfoReplicator-%d] DiscoveryClient_ECOMPRODUCTLIST/host.docker.internal:ecomProductList:9203: registering service...
2026-09-10 05:54:40,679 INFO o.s.b.StartupInfoLogger [main] Started EcomProductListApplicationTests in 13.091 seconds (process running for 15.193)
2026-09-10 05:54:40,789 INFO c.n.d.DiscoveryClient [DiscoveryClient-InstanceInfoReplicator-%d] DiscoveryClient_ECOMPRODUCTLIST/host.docker.internal:ecomProductList:9203 - registration status: 204
2026-09-10 05:54:41,488 INFO o.s.c.n.e.s.EurekaServiceRegistry [SpringApplicationShutdownHook] Unregistering application ECOMPRODUCTLIST with eureka with status DOWN
2026-09-10 05:54:41,488 INFO c.n.d.DiscoveryClient$6 [SpringApplicationShutdownHook] Saw local status change event StatusChangeEvent [timestamp=1788999881488, current=DOWN, previous=UP]
2026-09-10 05:54:41,489 INFO c.n.d.DiscoveryClient [DiscoveryClient-InstanceInfoReplicator-%d] DiscoveryClient_ECOMPRODUCTLIST/host.docker.internal:ecomProductList:9203: registering service...
2026-09-10 05:54:41,494 INFO o.s.o.j.AbstractEntityManagerFactoryBean [SpringApplicationShutdownHook] Closing JPA EntityManagerFactory for persistence unit 'default'
2026-09-10 05:54:41,495 INFO c.n.d.DiscoveryClient [DiscoveryClient-InstanceInfoReplicator-%d] DiscoveryClient_ECOMPRODUCTLIST/host.docker.internal:ecomProductList:9203 - registration status: 204
2026-09-10 05:54:41,498 INFO c.z.h.HikariDataSource [SpringApplicationShutdownHook] HikariPool-1 - Shutdown initiated...
2026-09-10 05:54:41,511 INFO c.z.h.HikariDataSource [SpringApplicationShutdownHook] HikariPool-1 - Shutdown completed.
2026-09-10 05:54:41,513 INFO c.n.d.DiscoveryClient [SpringApplicationShutdownHook] Shutting down DiscoveryClient ...
2026-09-10 05:54:44,517 INFO c.n.d.DiscoveryClient [SpringApplicationShutdownHook] Unregistering ...
2026-09-10 05:54:44,537 INFO c.n.d.DiscoveryClient [SpringApplicationShutdownHook] DiscoveryClient_ECOMPRODUCTLIST/host.docker.internal:ecomProductList:9203 - deregister  status: 200
2026-09-10 05:54:44,538 INFO c.n.d.DiscoveryClient [SpringApplicationShutdownHook] Completed shut down of DiscoveryClient
