2026-09-10 05:33:01,315 INFO o.s.b.StartupInfoLogger [main] Starting EcomProductListApplication using Java 17.0.11 with PID 34804 (C:\Work\ecom\ecom_service_branches\feature-observability-grafana-prometheus-docker\ecom_microservices\ecomProductList\target\classes started by Deepankar in C:\Work\ecom\ecom_service_branches\feature-observability-grafana-prometheus-docker\ecom_microservices\ecomProductList)
2026-09-10 05:33:01,324 DEBUG o.s.b.StartupInfoLogger [main] Running with Spring Boot v3.3.1, Spring v6.1.10
2026-09-10 05:33:01,325 INFO o.s.b.SpringApplication [main] The following 1 profile is active: "dev"
2026-09-10 05:33:01,397 INFO o.s.b.l.DeferredLog [main] Fetching config from server at : http://localhost:8888
2026-09-10 05:33:01,397 INFO o.s.b.l.DeferredLog [main] Located environment: name=ecomProductList, profiles=[default], label=null, version=b6dc840e19e47718d7a3fb7ad27fc74d27a38f9a, state=null
2026-09-10 05:33:01,397 INFO o.s.b.l.DeferredLog [main] Fetching config from server at : http://localhost:8888
2026-09-10 05:33:01,397 INFO o.s.b.l.DeferredLog [main] Located environment: name=ecomProductList, profiles=[dev], label=null, version=b6dc840e19e47718d7a3fb7ad27fc74d27a38f9a, state=null
2026-09-10 05:33:02,575 INFO o.s.d.r.c.RepositoryConfigurationDelegate [main] Bootstrapping Spring Data JPA repositories in DEFAULT mode.
2026-09-10 05:33:02,858 INFO o.s.d.r.c.RepositoryConfigurationDelegate [main] Finished Spring Data repository scanning in 264 ms. Found 2 JPA repository interfaces.
2026-09-10 05:33:03,298 INFO o.s.c.c.s.GenericScope [main] BeanFactory id=2d7e77b4-6284-3e1b-af31-f3c9b34e9951
2026-09-10 05:33:03,544 WARN o.s.c.s.PostProcessorRegistrationDelegate$BeanPostProcessorChecker [main] Bean 'org.springframework.cloud.client.loadbalancer.LoadBalancerAutoConfiguration$DeferringLoadBalancerInterceptorConfig' of type [org.springframework.cloud.client.loadbalancer.LoadBalancerAutoConfiguration$DeferringLoadBalancerInterceptorConfig] is not eligible for getting processed by all BeanPostProcessors (for example: not eligible for auto-proxying). The currently created BeanPostProcessor [lbRestClientPostProcessor] is declared through a non-static factory method on that class; consider declaring it as static instead.
2026-09-10 05:33:03,549 WARN o.s.c.s.PostProcessorRegistrationDelegate$BeanPostProcessorChecker [main] Bean 'deferringLoadBalancerInterceptor' of type [org.springframework.cloud.client.loadbalancer.DeferringLoadBalancerInterceptor] is not eligible for getting processed by all BeanPostProcessors (for example: not eligible for auto-proxying). Is this bean getting eagerly injected into a currently created BeanPostProcessor [lbRestClientPostProcessor]? Check the corresponding BeanPostProcessor declaration and its dependencies.
2026-09-10 05:33:04,281 INFO o.s.b.w.e.t.TomcatWebServer [main] Tomcat initialized with port 9203 (http)
2026-09-10 05:33:04,301 INFO o.a.j.l.DirectJDKLog [main] Initializing ProtocolHandler ["http-nio-9203"]
2026-09-10 05:33:04,311 INFO o.a.j.l.DirectJDKLog [main] Starting service [Tomcat]
2026-09-10 05:33:04,311 INFO o.a.j.l.DirectJDKLog [main] Starting Servlet engine: [Apache Tomcat/10.1.25]
2026-09-10 05:33:04,484 INFO o.a.j.l.DirectJDKLog [main] Initializing Spring embedded WebApplicationContext
2026-09-10 05:33:04,489 INFO o.s.b.w.s.c.ServletWebServerApplicationContext [main] Root WebApplicationContext: initialization completed in 3082 ms
2026-09-10 05:33:04,766 INFO o.h.j.i.u.LogHelper [main] HHH000204: Processing PersistenceUnitInfo [name: default]
2026-09-10 05:33:04,937 INFO o.h.Version [main] HHH000412: Hibernate ORM core version 6.5.2.Final
2026-09-10 05:33:05,047 INFO o.h.c.i.RegionFactoryInitiator [main] HHH000026: Second-level cache disabled
2026-09-10 05:33:05,735 INFO o.s.o.j.p.SpringPersistenceUnitInfo [main] No LoadTimeWeaver setup: ignoring JPA class transformer
2026-09-10 05:33:05,810 WARN o.h.e.j.d.i.DialectFactoryImpl [main] HHH90000025: MySQLDialect does not need to be specified explicitly using 'hibernate.dialect' (remove the property setting and it will be selected by default)
2026-09-10 05:33:07,754 INFO o.h.e.t.j.p.i.JtaPlatformInitiator [main] HHH000489: No JTA platform available (set 'hibernate.transaction.jta.platform' to enable JTA platform integration)
2026-09-10 05:33:07,820 INFO c.z.h.HikariDataSource [main] HikariPool-1 - Starting...
2026-09-10 05:33:07,827 WARN c.z.h.u.DriverDataSource [main] Registered driver with driverClassName=com.mysql.jdbc.Driver was not found, trying direct instantiation.
2026-09-10 05:33:08,149 INFO c.z.h.p.HikariPool [main] HikariPool-1 - Added connection com.mysql.cj.jdbc.ConnectionImpl@7d086485
2026-09-10 05:33:08,154 INFO c.z.h.HikariDataSource [main] HikariPool-1 - Start completed.
2026-09-10 05:33:08,422 INFO o.s.o.j.AbstractEntityManagerFactoryBean [main] Initialized JPA EntityManagerFactory for persistence unit 'default'
2026-09-10 05:33:08,973 WARN o.s.b.a.o.j.JpaBaseConfiguration$JpaWebConfiguration [main] spring.jpa.open-in-view is enabled by default. Therefore, database queries may be performed during view rendering. Explicitly configure spring.jpa.open-in-view to disable this warning
2026-09-10 05:33:12,795 INFO o.s.c.n.e.c.DiscoveryClientOptionalArgsConfiguration [main] Eureka HTTP Client uses RestTemplate.
2026-09-10 05:33:12,875 WARN o.s.c.l.c.LoadBalancerCacheAutoConfiguration$LoadBalancerCaffeineWarnLogger [main] Spring Cloud LoadBalancer is currently working with the default cache. While this cache implementation is useful for development and tests, it's recommended to use Caffeine cache in production.You can switch to using Caffeine cache, by adding it and org.springframework.cache.caffeine.CaffeineCacheManager to the classpath.
2026-09-10 05:33:12,917 INFO o.s.c.n.e.InstanceInfoFactory [main] Setting initial instance status as: STARTING
2026-09-10 05:33:12,962 INFO c.n.d.DiscoveryClient [main] Initializing Eureka in region us-east-1
2026-09-10 05:33:12,971 INFO c.n.d.s.r.a.ConfigClusterResolver [main] Resolving eureka endpoints via configuration
2026-09-10 05:33:12,994 INFO c.n.d.DiscoveryClient [main] Disable delta property : false
2026-09-10 05:33:12,994 INFO c.n.d.DiscoveryClient [main] Single vip registry refresh property : null
2026-09-10 05:33:12,994 INFO c.n.d.DiscoveryClient [main] Force full registry fetch : false
2026-09-10 05:33:12,994 INFO c.n.d.DiscoveryClient [main] Application is null : false
2026-09-10 05:33:12,994 INFO c.n.d.DiscoveryClient [main] Registered Applications size is zero : true
2026-09-10 05:33:12,994 INFO c.n.d.DiscoveryClient [main] Application version is -1: true
2026-09-10 05:33:12,994 INFO c.n.d.DiscoveryClient [main] Getting all instance registry info from the eureka server
2026-09-10 05:33:13,659 INFO c.n.d.DiscoveryClient [main] The response status is 200
2026-09-10 05:33:13,659 INFO c.n.d.DiscoveryClient [main] Starting heartbeat executor: renew interval is: 30
2026-09-10 05:33:13,659 INFO c.n.d.InstanceInfoReplicator [main] InstanceInfoReplicator onDemand update allowed rate per min is 4
2026-09-10 05:33:13,670 INFO c.n.d.DiscoveryClient [main] Discovery Client initialized at timestamp 1788998593669 with initial instances count: 2
2026-09-10 05:33:13,678 INFO o.s.c.n.e.s.EurekaServiceRegistry [main] Registering application ECOMPRODUCTLIST with eureka with status UP
2026-09-10 05:33:13,680 INFO c.n.d.DiscoveryClient$6 [main] Saw local status change event StatusChangeEvent [timestamp=1788998593680, current=UP, previous=STARTING]
2026-09-10 05:33:13,682 INFO o.a.j.l.DirectJDKLog [main] Starting ProtocolHandler ["http-nio-9203"]
2026-09-10 05:33:13,683 INFO c.n.d.DiscoveryClient [DiscoveryClient-InstanceInfoReplicator-%d] DiscoveryClient_ECOMPRODUCTLIST/host.docker.internal:ecomProductList:9203: registering service...
2026-09-10 05:33:13,736 INFO o.s.b.w.e.t.TomcatWebServer [main] Tomcat started on port 9203 (http) with context path '/'
2026-09-10 05:33:13,738 INFO o.s.c.n.e.s.EurekaAutoServiceRegistration [main] Updating port to 9203
2026-09-10 05:33:13,800 INFO c.n.d.DiscoveryClient [DiscoveryClient-InstanceInfoReplicator-%d] DiscoveryClient_ECOMPRODUCTLIST/host.docker.internal:ecomProductList:9203 - registration status: 204
2026-09-10 05:33:15,270 INFO o.s.b.StartupInfoLogger [main] Started EcomProductListApplication in 18.258 seconds (process running for 18.767)
2026-09-10 05:33:29,703 INFO o.a.j.l.DirectJDKLog [http-nio-9203-exec-1] Initializing Spring DispatcherServlet 'dispatcherServlet'
2026-09-10 05:33:29,704 INFO o.s.w.s.FrameworkServlet [http-nio-9203-exec-1] Initializing Servlet 'dispatcherServlet'
2026-09-10 05:33:29,704 INFO o.s.w.s.FrameworkServlet [http-nio-9203-exec-1] Completed initialization in 0 ms
2026-09-10 05:38:13,021 INFO c.n.d.s.r.a.ConfigClusterResolver [AsyncResolver-bootstrap-executor-%d] Resolving eureka endpoints via configuration
2026-09-10 05:43:13,038 INFO c.n.d.s.r.a.ConfigClusterResolver [AsyncResolver-bootstrap-executor-%d] Resolving eureka endpoints via configuration
2026-09-10 05:47:23,903 INFO o.s.t.c.s.AnnotationConfigContextLoaderUtils [main] Could not detect default configuration classes for test class [com.ecom.productList.EcomProductListApplicationTests]: EcomProductListApplicationTests does not declare any static, non-private, non-final, nested classes annotated with @Configuration.
2026-09-10 05:47:24,044 INFO o.s.b.t.c.SpringBootTestContextBootstrapper [main] Found @SpringBootConfiguration com.ecom.productList.EcomProductListApplication for test class com.ecom.productList.EcomProductListApplicationTests
2026-09-10 05:47:29,681 INFO o.s.b.StartupInfoLogger [main] Starting EcomProductListApplicationTests using Java 17.0.11 with PID 35100 (started by Deepankar in C:\Work\ecom\ecom_service_branches\feature-observability-grafana-prometheus-docker\ecom_microservices\ecomProductList)
2026-09-10 05:47:29,683 DEBUG o.s.b.StartupInfoLogger [main] Running with Spring Boot v3.3.1, Spring v6.1.10
2026-09-10 05:47:29,688 INFO o.s.b.SpringApplication [main] The following 1 profile is active: "dev"
2026-09-10 05:47:29,780 INFO o.s.b.l.DeferredLog [main] Fetching config from server at : http://localhost:8888
2026-09-10 05:47:29,780 INFO o.s.b.l.DeferredLog [main] Located environment: name=ecomProductList, profiles=[default], label=null, version=b6dc840e19e47718d7a3fb7ad27fc74d27a38f9a, state=null
2026-09-10 05:47:29,785 INFO o.s.b.l.DeferredLog [main] Fetching config from server at : http://localhost:8888
2026-09-10 05:47:29,786 INFO o.s.b.l.DeferredLog [main] Located environment: name=ecomProductList, profiles=[dev], label=null, version=b6dc840e19e47718d7a3fb7ad27fc74d27a38f9a, state=null
2026-09-10 05:47:31,539 INFO o.s.d.r.c.RepositoryConfigurationDelegate [main] Bootstrapping Spring Data JPA repositories in DEFAULT mode.
2026-09-10 05:47:31,874 INFO o.s.d.r.c.RepositoryConfigurationDelegate [main] Finished Spring Data repository scanning in 314 ms. Found 2 JPA repository interfaces.
2026-09-10 05:47:32,482 INFO o.s.c.c.s.GenericScope [main] BeanFactory id=1b4c0acc-f561-3f49-a2b8-3632fe000585
2026-09-10 05:47:32,909 WARN o.s.c.s.PostProcessorRegistrationDelegate$BeanPostProcessorChecker [main] Bean 'org.springframework.cloud.client.loadbalancer.LoadBalancerAutoConfiguration$DeferringLoadBalancerInterceptorConfig' of type [org.springframework.cloud.client.loadbalancer.LoadBalancerAutoConfiguration$DeferringLoadBalancerInterceptorConfig] is not eligible for getting processed by all BeanPostProcessors (for example: not eligible for auto-proxying). The currently created BeanPostProcessor [lbRestClientPostProcessor] is declared through a non-static factory method on that class; consider declaring it as static instead.
2026-09-10 05:47:32,914 WARN o.s.c.s.PostProcessorRegistrationDelegate$BeanPostProcessorChecker [main] Bean 'deferringLoadBalancerInterceptor' of type [org.springframework.cloud.client.loadbalancer.DeferringLoadBalancerInterceptor] is not eligible for getting processed by all BeanPostProcessors (for example: not eligible for auto-proxying). Is this bean getting eagerly injected into a currently created BeanPostProcessor [lbRestClientPostProcessor]? Check the corresponding BeanPostProcessor declaration and its dependencies.
2026-09-10 05:47:33,925 INFO o.h.j.i.u.LogHelper [main] HHH000204: Processing PersistenceUnitInfo [name: default]
2026-09-10 05:47:34,242 INFO o.h.Version [main] HHH000412: Hibernate ORM core version 6.5.2.Final
2026-09-10 05:47:34,386 INFO o.h.c.i.RegionFactoryInitiator [main] HHH000026: Second-level cache disabled
2026-09-10 05:47:35,589 INFO o.s.o.j.p.SpringPersistenceUnitInfo [main] No LoadTimeWeaver setup: ignoring JPA class transformer
2026-09-10 05:47:35,684 WARN o.h.e.j.d.i.DialectFactoryImpl [main] HHH90000025: MySQLDialect does not need to be specified explicitly using 'hibernate.dialect' (remove the property setting and it will be selected by default)
2026-09-10 05:47:37,989 INFO o.h.e.t.j.p.i.JtaPlatformInitiator [main] HHH000489: No JTA platform available (set 'hibernate.transaction.jta.platform' to enable JTA platform integration)
2026-09-10 05:47:38,037 INFO c.z.h.HikariDataSource [main] HikariPool-1 - Starting...
2026-09-10 05:47:38,044 WARN c.z.h.u.DriverDataSource [main] Registered driver with driverClassName=com.mysql.jdbc.Driver was not found, trying direct instantiation.
2026-09-10 05:47:38,433 INFO c.z.h.p.HikariPool [main] HikariPool-1 - Added connection com.mysql.cj.jdbc.ConnectionImpl@435e224d
2026-09-10 05:47:38,438 INFO c.z.h.HikariDataSource [main] HikariPool-1 - Start completed.
2026-09-10 05:47:38,800 INFO o.s.o.j.AbstractEntityManagerFactoryBean [main] Initialized JPA EntityManagerFactory for persistence unit 'default'
2026-09-10 05:47:41,086 WARN o.s.b.a.o.j.JpaBaseConfiguration$JpaWebConfiguration [main] spring.jpa.open-in-view is enabled by default. Therefore, database queries may be performed during view rendering. Explicitly configure spring.jpa.open-in-view to disable this warning
2026-09-10 05:47:46,879 INFO o.s.c.n.e.c.DiscoveryClientOptionalArgsConfiguration [main] Eureka HTTP Client uses RestTemplate.
2026-09-10 05:47:46,996 WARN o.s.c.l.c.LoadBalancerCacheAutoConfiguration$LoadBalancerCaffeineWarnLogger [main] Spring Cloud LoadBalancer is currently working with the default cache. While this cache implementation is useful for development and tests, it's recommended to use Caffeine cache in production.You can switch to using Caffeine cache, by adding it and org.springframework.cache.caffeine.CaffeineCacheManager to the classpath.
2026-09-10 05:47:47,074 INFO o.s.c.n.e.InstanceInfoFactory [main] Setting initial instance status as: STARTING
2026-09-10 05:47:47,166 INFO c.n.d.DiscoveryClient [main] Initializing Eureka in region us-east-1
2026-09-10 05:47:47,183 INFO c.n.d.s.r.a.ConfigClusterResolver [main] Resolving eureka endpoints via configuration
2026-09-10 05:47:47,221 INFO c.n.d.DiscoveryClient [main] Disable delta property : false
2026-09-10 05:47:47,223 INFO c.n.d.DiscoveryClient [main] Single vip registry refresh property : null
2026-09-10 05:47:47,223 INFO c.n.d.DiscoveryClient [main] Force full registry fetch : false
2026-09-10 05:47:47,224 INFO c.n.d.DiscoveryClient [main] Application is null : false
2026-09-10 05:47:47,225 INFO c.n.d.DiscoveryClient [main] Registered Applications size is zero : true
2026-09-10 05:47:47,225 INFO c.n.d.DiscoveryClient [main] Application version is -1: true
2026-09-10 05:47:47,226 INFO c.n.d.DiscoveryClient [main] Getting all instance registry info from the eureka server
2026-09-10 05:47:48,136 INFO c.n.d.DiscoveryClient [main] The response status is 200
2026-09-10 05:47:48,141 INFO c.n.d.DiscoveryClient [main] Starting heartbeat executor: renew interval is: 30
2026-09-10 05:47:48,147 INFO c.n.d.InstanceInfoReplicator [main] InstanceInfoReplicator onDemand update allowed rate per min is 4
2026-09-10 05:47:48,149 INFO c.n.d.DiscoveryClient [main] Discovery Client initialized at timestamp 1788999468149 with initial instances count: 3
2026-09-10 05:47:48,160 INFO o.s.c.n.e.s.EurekaServiceRegistry [main] Registering application ECOMPRODUCTLIST with eureka with status UP
2026-09-10 05:47:48,163 INFO c.n.d.DiscoveryClient$6 [main] Saw local status change event StatusChangeEvent [timestamp=1788999468163, current=UP, previous=STARTING]
2026-09-10 05:47:48,166 INFO c.n.d.DiscoveryClient [DiscoveryClient-InstanceInfoReplicator-%d] DiscoveryClient_ECOMPRODUCTLIST/host.docker.internal:ecomProductList:9203: registering service...
2026-09-10 05:47:48,194 INFO o.s.b.StartupInfoLogger [main] Started EcomProductListApplicationTests in 23.952 seconds (process running for 25.491)
2026-09-10 05:47:48,347 INFO c.n.d.DiscoveryClient [DiscoveryClient-InstanceInfoReplicator-%d] DiscoveryClient_ECOMPRODUCTLIST/host.docker.internal:ecomProductList:9203 - registration status: 204
2026-09-10 05:47:48,937 INFO o.s.c.n.e.s.EurekaServiceRegistry [SpringApplicationShutdownHook] Unregistering application ECOMPRODUCTLIST with eureka with status DOWN
2026-09-10 05:47:48,938 INFO c.n.d.DiscoveryClient$6 [SpringApplicationShutdownHook] Saw local status change event StatusChangeEvent [timestamp=1788999468938, current=DOWN, previous=UP]
2026-09-10 05:47:48,938 INFO c.n.d.DiscoveryClient [DiscoveryClient-InstanceInfoReplicator-%d] DiscoveryClient_ECOMPRODUCTLIST/host.docker.internal:ecomProductList:9203: registering service...
2026-09-10 05:47:48,944 INFO c.n.d.DiscoveryClient [DiscoveryClient-InstanceInfoReplicator-%d] DiscoveryClient_ECOMPRODUCTLIST/host.docker.internal:ecomProductList:9203 - registration status: 204
2026-09-10 05:47:48,945 INFO o.s.o.j.AbstractEntityManagerFactoryBean [SpringApplicationShutdownHook] Closing JPA EntityManagerFactory for persistence unit 'default'
2026-09-10 05:47:48,950 INFO c.z.h.HikariDataSource [SpringApplicationShutdownHook] HikariPool-1 - Shutdown initiated...
2026-09-10 05:47:48,964 INFO c.z.h.HikariDataSource [SpringApplicationShutdownHook] HikariPool-1 - Shutdown completed.
2026-09-10 05:47:48,966 INFO c.n.d.DiscoveryClient [SpringApplicationShutdownHook] Shutting down DiscoveryClient ...
2026-09-10 05:47:51,977 INFO c.n.d.DiscoveryClient [SpringApplicationShutdownHook] Unregistering ...
2026-09-10 05:47:51,998 INFO c.n.d.DiscoveryClient [SpringApplicationShutdownHook] DiscoveryClient_ECOMPRODUCTLIST/host.docker.internal:ecomProductList:9203 - deregister  status: 200
2026-09-10 05:47:51,999 INFO c.n.d.DiscoveryClient [SpringApplicationShutdownHook] Completed shut down of DiscoveryClient
