2026-09-11 17:14:29,729 INFO c.n.d.DiscoveryClient [DiscoveryClient-HeartbeatExecutor-%d] DiscoveryClient_ECOMPRODUCTLIST/host.docker.internal:ecomProductList:9203 - Re-registering apps/ECOMPRODUCTLIST
2026-09-11 17:14:29,737 INFO c.n.d.DiscoveryClient [DiscoveryClient-HeartbeatExecutor-%d] DiscoveryClient_ECOMPRODUCTLIST/host.docker.internal:ecomProductList:9203: registering service...
2026-09-11 17:14:29,757 INFO c.n.d.DiscoveryClient [DiscoveryClient-HeartbeatExecutor-%d] DiscoveryClient_ECOMPRODUCTLIST/host.docker.internal:ecomProductList:9203 - registration status: 204
2026-09-11 17:14:53,169 INFO o.s.b.StartupInfoLogger [main] Starting EcomProductListApplication using Java 17.0.11 with PID 31088 (C:\Work\ecom\ecom_service_branches\feature-observability-grafana-prometheus-docker\ecom_microservices\ecomProductList\target\classes started by Deepankar in C:\Work\ecom\ecom_service_branches\feature-observability-grafana-prometheus-docker\ecom_microservices\ecomProductList)
2026-09-11 17:14:53,174 DEBUG o.s.b.StartupInfoLogger [main] Running with Spring Boot v3.3.1, Spring v6.1.10
2026-09-11 17:14:53,175 INFO o.s.b.SpringApplication [main] The following 1 profile is active: "dev"
2026-09-11 17:14:53,225 INFO o.s.b.l.DeferredLog [main] Fetching config from server at : http://localhost:8888
2026-09-11 17:14:53,225 INFO o.s.b.l.DeferredLog [main] Located environment: name=ecomProductList, profiles=[default], label=null, version=b6dc840e19e47718d7a3fb7ad27fc74d27a38f9a, state=null
2026-09-11 17:14:53,226 INFO o.s.b.l.DeferredLog [main] Fetching config from server at : http://localhost:8888
2026-09-11 17:14:53,226 INFO o.s.b.l.DeferredLog [main] Located environment: name=ecomProductList, profiles=[dev], label=null, version=b6dc840e19e47718d7a3fb7ad27fc74d27a38f9a, state=null
2026-09-11 17:14:54,146 INFO o.s.d.r.c.RepositoryConfigurationDelegate [main] Bootstrapping Spring Data JPA repositories in DEFAULT mode.
2026-09-11 17:14:54,341 INFO o.s.d.r.c.RepositoryConfigurationDelegate [main] Finished Spring Data repository scanning in 185 ms. Found 2 JPA repository interfaces.
2026-09-11 17:14:54,657 INFO o.s.c.c.s.GenericScope [main] BeanFactory id=2d7e77b4-6284-3e1b-af31-f3c9b34e9951
2026-09-11 17:14:54,839 WARN o.s.c.s.PostProcessorRegistrationDelegate$BeanPostProcessorChecker [main] Bean 'org.springframework.cloud.client.loadbalancer.LoadBalancerAutoConfiguration$DeferringLoadBalancerInterceptorConfig' of type [org.springframework.cloud.client.loadbalancer.LoadBalancerAutoConfiguration$DeferringLoadBalancerInterceptorConfig] is not eligible for getting processed by all BeanPostProcessors (for example: not eligible for auto-proxying). The currently created BeanPostProcessor [lbRestClientPostProcessor] is declared through a non-static factory method on that class; consider declaring it as static instead.
2026-09-11 17:14:54,841 WARN o.s.c.s.PostProcessorRegistrationDelegate$BeanPostProcessorChecker [main] Bean 'deferringLoadBalancerInterceptor' of type [org.springframework.cloud.client.loadbalancer.DeferringLoadBalancerInterceptor] is not eligible for getting processed by all BeanPostProcessors (for example: not eligible for auto-proxying). Is this bean getting eagerly injected into a currently created BeanPostProcessor [lbRestClientPostProcessor]? Check the corresponding BeanPostProcessor declaration and its dependencies.
2026-09-11 17:14:55,410 INFO o.s.b.w.e.t.TomcatWebServer [main] Tomcat initialized with port 9203 (http)
2026-09-11 17:14:55,433 INFO o.a.j.l.DirectJDKLog [main] Initializing ProtocolHandler ["http-nio-9203"]
2026-09-11 17:14:55,441 INFO o.a.j.l.DirectJDKLog [main] Starting service [Tomcat]
2026-09-11 17:14:55,441 INFO o.a.j.l.DirectJDKLog [main] Starting Servlet engine: [Apache Tomcat/10.1.25]
2026-09-11 17:14:55,597 INFO o.a.j.l.DirectJDKLog [main] Initializing Spring embedded WebApplicationContext
2026-09-11 17:14:55,598 INFO o.s.b.w.s.c.ServletWebServerApplicationContext [main] Root WebApplicationContext: initialization completed in 2368 ms
2026-09-11 17:14:55,823 INFO o.h.j.i.u.LogHelper [main] HHH000204: Processing PersistenceUnitInfo [name: default]
2026-09-11 17:14:55,955 INFO o.h.Version [main] HHH000412: Hibernate ORM core version 6.5.2.Final
2026-09-11 17:14:56,030 INFO o.h.c.i.RegionFactoryInitiator [main] HHH000026: Second-level cache disabled
2026-09-11 17:14:56,592 INFO o.s.o.j.p.SpringPersistenceUnitInfo [main] No LoadTimeWeaver setup: ignoring JPA class transformer
2026-09-11 17:14:56,642 WARN o.h.e.j.d.i.DialectFactoryImpl [main] HHH90000025: MySQLDialect does not need to be specified explicitly using 'hibernate.dialect' (remove the property setting and it will be selected by default)
2026-09-11 17:14:58,342 INFO o.h.e.t.j.p.i.JtaPlatformInitiator [main] HHH000489: No JTA platform available (set 'hibernate.transaction.jta.platform' to enable JTA platform integration)
2026-09-11 17:14:58,387 INFO c.z.h.HikariDataSource [main] HikariPool-1 - Starting...
2026-09-11 17:14:58,394 WARN c.z.h.u.DriverDataSource [main] Registered driver with driverClassName=com.mysql.jdbc.Driver was not found, trying direct instantiation.
2026-09-11 17:14:58,652 INFO c.z.h.p.HikariPool [main] HikariPool-1 - Added connection com.mysql.cj.jdbc.ConnectionImpl@22e650e
2026-09-11 17:14:58,656 INFO c.z.h.HikariDataSource [main] HikariPool-1 - Start completed.
2026-09-11 17:14:58,964 INFO o.s.o.j.AbstractEntityManagerFactoryBean [main] Initialized JPA EntityManagerFactory for persistence unit 'default'
2026-09-11 17:14:59,347 WARN o.s.b.a.o.j.JpaBaseConfiguration$JpaWebConfiguration [main] spring.jpa.open-in-view is enabled by default. Therefore, database queries may be performed during view rendering. Explicitly configure spring.jpa.open-in-view to disable this warning
2026-09-11 17:15:01,571 INFO o.s.c.n.e.c.DiscoveryClientOptionalArgsConfiguration [main] Eureka HTTP Client uses RestTemplate.
2026-09-11 17:15:01,607 WARN o.s.c.l.c.LoadBalancerCacheAutoConfiguration$LoadBalancerCaffeineWarnLogger [main] Spring Cloud LoadBalancer is currently working with the default cache. While this cache implementation is useful for development and tests, it's recommended to use Caffeine cache in production.You can switch to using Caffeine cache, by adding it and org.springframework.cache.caffeine.CaffeineCacheManager to the classpath.
2026-09-11 17:15:01,631 INFO o.s.c.n.e.InstanceInfoFactory [main] Setting initial instance status as: STARTING
2026-09-11 17:15:01,675 INFO c.n.d.DiscoveryClient [main] Initializing Eureka in region us-east-1
2026-09-11 17:15:01,686 INFO c.n.d.s.r.a.ConfigClusterResolver [main] Resolving eureka endpoints via configuration
2026-09-11 17:15:01,697 INFO c.n.d.DiscoveryClient [main] Disable delta property : false
2026-09-11 17:15:01,699 INFO c.n.d.DiscoveryClient [main] Single vip registry refresh property : null
2026-09-11 17:15:01,699 INFO c.n.d.DiscoveryClient [main] Force full registry fetch : false
2026-09-11 17:15:01,700 INFO c.n.d.DiscoveryClient [main] Application is null : false
2026-09-11 17:15:01,700 INFO c.n.d.DiscoveryClient [main] Registered Applications size is zero : true
2026-09-11 17:15:01,700 INFO c.n.d.DiscoveryClient [main] Application version is -1: true
2026-09-11 17:15:01,700 INFO c.n.d.DiscoveryClient [main] Getting all instance registry info from the eureka server
2026-09-11 17:15:02,183 INFO c.n.d.DiscoveryClient [main] The response status is 200
2026-09-11 17:15:02,187 INFO c.n.d.DiscoveryClient [main] Starting heartbeat executor: renew interval is: 30
2026-09-11 17:15:02,193 INFO c.n.d.InstanceInfoReplicator [main] InstanceInfoReplicator onDemand update allowed rate per min is 4
2026-09-11 17:15:02,196 INFO c.n.d.DiscoveryClient [main] Discovery Client initialized at timestamp 1789127102196 with initial instances count: 3
2026-09-11 17:15:02,201 INFO o.s.c.n.e.s.EurekaServiceRegistry [main] Registering application ECOMPRODUCTLIST with eureka with status UP
2026-09-11 17:15:02,202 INFO c.n.d.DiscoveryClient$6 [main] Saw local status change event StatusChangeEvent [timestamp=1789127102202, current=UP, previous=STARTING]
2026-09-11 17:15:02,204 INFO o.a.j.l.DirectJDKLog [main] Starting ProtocolHandler ["http-nio-9203"]
2026-09-11 17:15:02,205 INFO c.n.d.DiscoveryClient [DiscoveryClient-InstanceInfoReplicator-%d] DiscoveryClient_ECOMPRODUCTLIST/host.docker.internal:ecomProductList:9203: registering service...
2026-09-11 17:15:02,214 INFO o.s.c.n.e.s.EurekaServiceRegistry [main] Unregistering application ECOMPRODUCTLIST with eureka with status DOWN
2026-09-11 17:15:02,215 INFO c.n.d.DiscoveryClient$6 [main] Saw local status change event StatusChangeEvent [timestamp=1789127102215, current=DOWN, previous=UP]
2026-09-11 17:15:02,215 WARN o.s.c.s.AbstractApplicationContext [main] Exception encountered during context initialization - cancelling refresh attempt: org.springframework.context.ApplicationContextException: Failed to start bean 'webServerStartStop'
2026-09-11 17:15:02,217 INFO o.s.o.j.AbstractEntityManagerFactoryBean [main] Closing JPA EntityManagerFactory for persistence unit 'default'
2026-09-11 17:15:02,220 INFO c.z.h.HikariDataSource [main] HikariPool-1 - Shutdown initiated...
2026-09-11 17:15:02,233 INFO c.z.h.HikariDataSource [main] HikariPool-1 - Shutdown completed.
2026-09-11 17:15:02,236 INFO c.n.d.DiscoveryClient [main] Shutting down DiscoveryClient ...
2026-09-11 17:15:02,263 INFO c.n.d.DiscoveryClient [DiscoveryClient-InstanceInfoReplicator-%d] DiscoveryClient_ECOMPRODUCTLIST/host.docker.internal:ecomProductList:9203 - registration status: 204
2026-09-11 17:15:02,265 INFO c.n.d.DiscoveryClient [DiscoveryClient-InstanceInfoReplicator-%d] DiscoveryClient_ECOMPRODUCTLIST/host.docker.internal:ecomProductList:9203: registering service...
2026-09-11 17:15:02,275 INFO c.n.d.DiscoveryClient [DiscoveryClient-InstanceInfoReplicator-%d] DiscoveryClient_ECOMPRODUCTLIST/host.docker.internal:ecomProductList:9203 - registration status: 204
2026-09-11 17:15:02,276 INFO c.n.d.DiscoveryClient [main] Unregistering ...
2026-09-11 17:15:02,288 INFO c.n.d.DiscoveryClient [main] DiscoveryClient_ECOMPRODUCTLIST/host.docker.internal:ecomProductList:9203 - deregister  status: 200
2026-09-11 17:15:02,289 INFO c.n.d.DiscoveryClient [main] Completed shut down of DiscoveryClient
2026-09-11 17:15:02,319 INFO o.s.b.a.l.ConditionEvaluationReportLogger [main] 

Error starting ApplicationContext. To display the condition evaluation report re-run your application with 'debug' enabled.
2026-09-11 17:15:02,358 ERROR o.s.b.d.LoggingFailureAnalysisReporter [main] 

***************************
APPLICATION FAILED TO START
***************************

Description:

Web server failed to start. Port 9203 was already in use.

Action:

Identify and stop the process that's listening on port 9203 or configure this application to listen on another port.

