2026-09-10 05:11:33,778 INFO c.n.d.s.r.a.ConfigClusterResolver [AsyncResolver-bootstrap-executor-%d] Resolving eureka endpoints via configuration
2026-09-10 05:16:33,814 INFO c.n.d.s.r.a.ConfigClusterResolver [AsyncResolver-bootstrap-executor-%d] Resolving eureka endpoints via configuration
2026-09-10 05:20:30,666 INFO o.s.t.c.s.AnnotationConfigContextLoaderUtils [main] Could not detect default configuration classes for test class [com.ecom.productList.EcomProductListApplicationTests]: EcomProductListApplicationTests does not declare any static, non-private, non-final, nested classes annotated with @Configuration.
2026-09-10 05:20:30,949 INFO o.s.b.t.c.SpringBootTestContextBootstrapper [main] Found @SpringBootConfiguration com.ecom.productList.EcomProductListApplication for test class com.ecom.productList.EcomProductListApplicationTests
2026-09-10 05:20:39,546 INFO o.s.b.StartupInfoLogger [main] Starting EcomProductListApplicationTests using Java 17.0.11 with PID 26600 (started by Deepankar in C:\Work\ecom\ecom_service_branches\feature-observability-grafana-prometheus-docker\ecom_microservices\ecomProductList)
2026-09-10 05:20:39,547 DEBUG o.s.b.StartupInfoLogger [main] Running with Spring Boot v3.3.1, Spring v6.1.10
2026-09-10 05:20:39,549 INFO o.s.b.SpringApplication [main] The following 1 profile is active: "dev"
2026-09-10 05:20:39,623 INFO o.s.b.l.DeferredLog [main] Fetching config from server at : http://localhost:8888
2026-09-10 05:20:39,624 INFO o.s.b.l.DeferredLog [main] Located environment: name=ecomProductList, profiles=[default], label=null, version=b6dc840e19e47718d7a3fb7ad27fc74d27a38f9a, state=null
2026-09-10 05:20:39,625 INFO o.s.b.l.DeferredLog [main] Fetching config from server at : http://localhost:8888
2026-09-10 05:20:39,626 INFO o.s.b.l.DeferredLog [main] Located environment: name=ecomProductList, profiles=[dev], label=null, version=b6dc840e19e47718d7a3fb7ad27fc74d27a38f9a, state=null
2026-09-10 05:20:47,232 INFO o.s.d.r.c.RepositoryConfigurationDelegate [main] Bootstrapping Spring Data JPA repositories in DEFAULT mode.
2026-09-10 05:20:47,759 INFO o.s.d.r.c.RepositoryConfigurationDelegate [main] Finished Spring Data repository scanning in 514 ms. Found 2 JPA repository interfaces.
2026-09-10 05:20:48,197 INFO o.s.c.c.s.GenericScope [main] BeanFactory id=1b4c0acc-f561-3f49-a2b8-3632fe000585
2026-09-10 05:20:48,468 WARN o.s.c.s.PostProcessorRegistrationDelegate$BeanPostProcessorChecker [main] Bean 'org.springframework.cloud.client.loadbalancer.LoadBalancerAutoConfiguration$DeferringLoadBalancerInterceptorConfig' of type [org.springframework.cloud.client.loadbalancer.LoadBalancerAutoConfiguration$DeferringLoadBalancerInterceptorConfig] is not eligible for getting processed by all BeanPostProcessors (for example: not eligible for auto-proxying). The currently created BeanPostProcessor [lbRestClientPostProcessor] is declared through a non-static factory method on that class; consider declaring it as static instead.
2026-09-10 05:20:48,473 WARN o.s.c.s.PostProcessorRegistrationDelegate$BeanPostProcessorChecker [main] Bean 'deferringLoadBalancerInterceptor' of type [org.springframework.cloud.client.loadbalancer.DeferringLoadBalancerInterceptor] is not eligible for getting processed by all BeanPostProcessors (for example: not eligible for auto-proxying). Is this bean getting eagerly injected into a currently created BeanPostProcessor [lbRestClientPostProcessor]? Check the corresponding BeanPostProcessor declaration and its dependencies.
2026-09-10 05:20:48,744 INFO o.h.j.i.u.LogHelper [main] HHH000204: Processing PersistenceUnitInfo [name: default]
2026-09-10 05:20:48,916 INFO o.h.Version [main] HHH000412: Hibernate ORM core version 6.5.2.Final
2026-09-10 05:20:48,997 INFO o.h.c.i.RegionFactoryInitiator [main] HHH000026: Second-level cache disabled
2026-09-10 05:20:49,533 INFO o.s.o.j.p.SpringPersistenceUnitInfo [main] No LoadTimeWeaver setup: ignoring JPA class transformer
2026-09-10 05:20:49,596 WARN o.h.e.j.d.i.DialectFactoryImpl [main] HHH90000025: MySQLDialect does not need to be specified explicitly using 'hibernate.dialect' (remove the property setting and it will be selected by default)
2026-09-10 05:20:50,698 INFO o.h.e.t.j.p.i.JtaPlatformInitiator [main] HHH000489: No JTA platform available (set 'hibernate.transaction.jta.platform' to enable JTA platform integration)
2026-09-10 05:20:50,730 INFO c.z.h.HikariDataSource [main] HikariPool-1 - Starting...
2026-09-10 05:20:50,735 WARN c.z.h.u.DriverDataSource [main] Registered driver with driverClassName=com.mysql.jdbc.Driver was not found, trying direct instantiation.
2026-09-10 05:20:50,961 INFO c.z.h.p.HikariPool [main] HikariPool-1 - Added connection com.mysql.cj.jdbc.ConnectionImpl@7d7888a5
2026-09-10 05:20:50,966 INFO c.z.h.HikariDataSource [main] HikariPool-1 - Start completed.
2026-09-10 05:20:51,565 INFO o.s.o.j.AbstractEntityManagerFactoryBean [main] Initialized JPA EntityManagerFactory for persistence unit 'default'
2026-09-10 05:20:52,201 WARN o.s.b.a.o.j.JpaBaseConfiguration$JpaWebConfiguration [main] spring.jpa.open-in-view is enabled by default. Therefore, database queries may be performed during view rendering. Explicitly configure spring.jpa.open-in-view to disable this warning
2026-09-10 05:20:53,960 INFO o.s.c.n.e.c.DiscoveryClientOptionalArgsConfiguration [main] Eureka HTTP Client uses RestTemplate.
2026-09-10 05:20:54,025 WARN o.s.c.l.c.LoadBalancerCacheAutoConfiguration$LoadBalancerCaffeineWarnLogger [main] Spring Cloud LoadBalancer is currently working with the default cache. While this cache implementation is useful for development and tests, it's recommended to use Caffeine cache in production.You can switch to using Caffeine cache, by adding it and org.springframework.cache.caffeine.CaffeineCacheManager to the classpath.
2026-09-10 05:20:54,059 INFO o.s.c.n.e.InstanceInfoFactory [main] Setting initial instance status as: STARTING
2026-09-10 05:20:54,111 INFO c.n.d.DiscoveryClient [main] Initializing Eureka in region us-east-1
2026-09-10 05:20:54,121 INFO c.n.d.s.r.a.ConfigClusterResolver [main] Resolving eureka endpoints via configuration
2026-09-10 05:20:54,139 INFO c.n.d.DiscoveryClient [main] Disable delta property : false
2026-09-10 05:20:54,140 INFO c.n.d.DiscoveryClient [main] Single vip registry refresh property : null
2026-09-10 05:20:54,140 INFO c.n.d.DiscoveryClient [main] Force full registry fetch : false
2026-09-10 05:20:54,141 INFO c.n.d.DiscoveryClient [main] Application is null : false
2026-09-10 05:20:54,141 INFO c.n.d.DiscoveryClient [main] Registered Applications size is zero : true
2026-09-10 05:20:54,142 INFO c.n.d.DiscoveryClient [main] Application version is -1: true
2026-09-10 05:20:54,143 INFO c.n.d.DiscoveryClient [main] Getting all instance registry info from the eureka server
2026-09-10 05:20:54,795 INFO c.n.d.DiscoveryClient [main] The response status is 200
2026-09-10 05:20:54,803 INFO c.n.d.DiscoveryClient [main] Starting heartbeat executor: renew interval is: 30
2026-09-10 05:20:54,808 INFO c.n.d.InstanceInfoReplicator [main] InstanceInfoReplicator onDemand update allowed rate per min is 4
2026-09-10 05:20:54,809 INFO c.n.d.DiscoveryClient [main] Discovery Client initialized at timestamp 1788997854809 with initial instances count: 3
2026-09-10 05:20:54,819 INFO o.s.c.n.e.s.EurekaServiceRegistry [main] Registering application ECOMPRODUCTLIST with eureka with status UP
2026-09-10 05:20:54,820 INFO c.n.d.DiscoveryClient$6 [main] Saw local status change event StatusChangeEvent [timestamp=1788997854820, current=UP, previous=STARTING]
2026-09-10 05:20:54,824 INFO c.n.d.DiscoveryClient [DiscoveryClient-InstanceInfoReplicator-%d] DiscoveryClient_ECOMPRODUCTLIST/host.docker.internal:ecomProductList:9203: registering service...
2026-09-10 05:20:54,853 INFO o.s.b.StartupInfoLogger [main] Started EcomProductListApplicationTests in 23.379 seconds (process running for 26.774)
2026-09-10 05:20:54,953 INFO c.n.d.DiscoveryClient [DiscoveryClient-InstanceInfoReplicator-%d] DiscoveryClient_ECOMPRODUCTLIST/host.docker.internal:ecomProductList:9203 - registration status: 204
2026-09-10 05:20:55,572 INFO o.s.c.n.e.s.EurekaServiceRegistry [SpringApplicationShutdownHook] Unregistering application ECOMPRODUCTLIST with eureka with status DOWN
2026-09-10 05:20:55,572 INFO c.n.d.DiscoveryClient$6 [SpringApplicationShutdownHook] Saw local status change event StatusChangeEvent [timestamp=1788997855572, current=DOWN, previous=UP]
2026-09-10 05:20:55,573 INFO c.n.d.DiscoveryClient [DiscoveryClient-InstanceInfoReplicator-%d] DiscoveryClient_ECOMPRODUCTLIST/host.docker.internal:ecomProductList:9203: registering service...
2026-09-10 05:20:55,579 INFO o.s.o.j.AbstractEntityManagerFactoryBean [SpringApplicationShutdownHook] Closing JPA EntityManagerFactory for persistence unit 'default'
2026-09-10 05:20:55,583 INFO c.z.h.HikariDataSource [SpringApplicationShutdownHook] HikariPool-1 - Shutdown initiated...
2026-09-10 05:20:55,590 INFO c.n.d.DiscoveryClient [DiscoveryClient-InstanceInfoReplicator-%d] DiscoveryClient_ECOMPRODUCTLIST/host.docker.internal:ecomProductList:9203 - registration status: 204
2026-09-10 05:20:55,600 INFO c.z.h.HikariDataSource [SpringApplicationShutdownHook] HikariPool-1 - Shutdown completed.
2026-09-10 05:20:55,602 INFO c.n.d.DiscoveryClient [SpringApplicationShutdownHook] Shutting down DiscoveryClient ...
2026-09-10 05:20:58,612 INFO c.n.d.DiscoveryClient [SpringApplicationShutdownHook] Unregistering ...
2026-09-10 05:20:58,672 INFO c.n.d.DiscoveryClient [SpringApplicationShutdownHook] DiscoveryClient_ECOMPRODUCTLIST/host.docker.internal:ecomProductList:9203 - deregister  status: 200
2026-09-10 05:20:58,673 INFO c.n.d.DiscoveryClient [SpringApplicationShutdownHook] Completed shut down of DiscoveryClient
2026-09-10 05:21:05,503 INFO c.n.d.DiscoveryClient [DiscoveryClient-HeartbeatExecutor-%d] DiscoveryClient_ECOMPRODUCTLIST/host.docker.internal:ecomProductList:9203 - Re-registering apps/ECOMPRODUCTLIST
2026-09-10 05:21:05,508 INFO c.n.d.DiscoveryClient [DiscoveryClient-HeartbeatExecutor-%d] DiscoveryClient_ECOMPRODUCTLIST/host.docker.internal:ecomProductList:9203: registering service...
2026-09-10 05:21:05,537 INFO c.n.d.DiscoveryClient [DiscoveryClient-HeartbeatExecutor-%d] DiscoveryClient_ECOMPRODUCTLIST/host.docker.internal:ecomProductList:9203 - registration status: 204
2026-09-10 05:21:33,822 INFO c.n.d.s.r.a.ConfigClusterResolver [AsyncResolver-bootstrap-executor-%d] Resolving eureka endpoints via configuration
